{
  "status": "passed",
  "cwd": "/Users/tzz/Projects/private/idi/KGForEdGlobalMCP",
  "inputChanges": {
    "data/source_artifacts/learning_progressions/tester/integrate-actual-learning-progressions-20261001T162834Z-142f2df1/reverify/fixture-relocation-assessed-files.json": {
      "sha256": "23d3d7ca8975c1dc8925a0055eab737317a2c3ed932c89c211c20150d6d2be5f",
      "entries": 823,
      "unchanged": 819,
      "changed": {
        ".standards/STATE.md": "18a151a11302ac6ba8ecf3bd1c39567f1dd7ce20f631d732a261c9c13f79db48",
        ".standards/docs/development/integrate-actual-learning-progressions-20261001T162834Z-142f2df1.md": "a731edb15358e769c2e95d7e14ba44baaf66e92c95be0cdbcfba6e4cd1eddd8b",
        "backend/README.md": "197db6b11bdc6ad24988dd525dc7d8abca84c4632db0e9c249b9339076723b56",
        "packaging/mcpb/README.md": "3e5dcd5f1e00a2ed25db1ffe34446713e41820b2bb3310a5181609d6c6df2c8c"
      }
    },
    "data/source_artifacts/learning_progressions/tester/integrate-actual-learning-progressions-20261001T162834Z-142f2df1/final-recovery/assessed-inputs.json": {
      "sha256": "43ecbcd289417adad3e3ed01887ff203cd11cb6fc7ed932030fb1439b61bd28a",
      "entries": 827,
      "unchanged": 822,
      "changed": {
        ".standards/STATE.md": "18a151a11302ac6ba8ecf3bd1c39567f1dd7ce20f631d732a261c9c13f79db48",
        ".standards/docs/reviews/integrate-actual-learning-progressions-20261001T162834Z-142f2df1/final-deliverable.md": "e835234de4a3516fd5db6f48786185e5970383d2c4992635be5e8a0495340922",
        ".standards/docs/reviews/integrate-actual-learning-progressions-20261001T162834Z-142f2df1/implementation.md": "8abf0709eb3b71afc31b32b2fa701be685418d17aee59994233c08dd98cc6ede",
        ".standards/docs/documentation/integrate-actual-learning-progressions-20261001T162834Z-142f2df1.md": "8f34149a35fd1c69471581977785acad3e4da0eacfcb2ac16649634b266193fb",
        "docs/data/prompt-configs.md": "84145d82190bae5cbe733628ffb34535fa16bba1b8d8d294a19ea817cea580a6"
      }
    }
  },
  "documentationReconciliation": {
    "indexSha256": "bf0707c2651dfa6bb259eccea5ebbd27e1c8b537e74448753ccfe52b64587d4c",
    "files": 1254,
    "supportingEvidence": 39,
    "entryAllMatched": true,
    "onlyCurrentMutableEntry": ".standards/docs/reviews/integrate-actual-learning-progressions-20261001T162834Z-142f2df1/final-deliverable.md",
    "originalParserFirstRow": "Ghana Mathematics",
    "correctedResultSha256": "36c98a165efa687c86c4802ff3268230b19878f23bde31de036627751b73eb5c"
  },
  "evidenceIndices": {
    "data/source_artifacts/learning_progressions/tester/integrate-actual-learning-progressions-20261001T162834Z-142f2df1/final-recovery/evidence-index.json": {
      "sha256": "eab9691f9e89d381dc0c44994c1ca4f81d73d6c51c6553532ffa1d375fc8b208",
      "entries": 17
    },
    "data/source_artifacts/learning_progressions/tester/integrate-actual-learning-progressions-20261001T162834Z-142f2df1/reverify/evidence-index.json": {
      "sha256": "ad01f6784d1a9ebc79b1cfb50aa84d8a179c5660a226feb8058031f51383db07",
      "entries": 132
    },
    "data/source_artifacts/learning_progressions/tester/integrate-actual-learning-progressions-20261001T162834Z-142f2df1/reverify/fixture-relocation-evidence-index.json": {
      "sha256": "0b9e8a00b7844ecef5228a6ca4643caa024a383f5fbb1776ef7797d38fae0d9b",
      "entries": 34
    }
  },
  "commandReceipts": {
    "data/source_artifacts/learning_progressions/tester/integrate-actual-learning-progressions-20261001T162834Z-142f2df1/reverify/fixture-relocation-suite.command.json": {
      "sha256": "491b85cb8d9facafdd7adc34db502ed3f4cb336d987fd30fb8a04f6129b4ca23",
      "exitCode": 0,
      "verifiedLogs": 2
    },
    "data/source_artifacts/learning_progressions/tester/integrate-actual-learning-progressions-20261001T162834Z-142f2df1/reverify/fixture-relocation-black-final.command.json": {
      "sha256": "e45426cb5d769d916e6e2ebb08999cc2e70df9913c0f8d4fb9fa4631580d6264",
      "exitCode": 0,
      "verifiedLogs": 2
    },
    "data/source_artifacts/learning_progressions/tester/integrate-actual-learning-progressions-20261001T162834Z-142f2df1/reverify/fixture-relocation-isort.command.json": {
      "sha256": "67f225bdc68a487c70449a77e039ce2c4ccce99bf39f05a2208e7f8fc71ed41d",
      "exitCode": 0,
      "verifiedLogs": 2
    },
    "data/source_artifacts/learning_progressions/tester/integrate-actual-learning-progressions-20261001T162834Z-142f2df1/reverify/fixture-relocation-ruff-final.command.json": {
      "sha256": "07bd52dafa62c69cccce34b90f8439f45a344d9bbd837bd0e88092307b3c20f4",
      "exitCode": 0,
      "verifiedLogs": 2
    },
    "data/source_artifacts/learning_progressions/tester/integrate-actual-learning-progressions-20261001T162834Z-142f2df1/reverify/fixture-relocation-mypy.command.json": {
      "sha256": "e1d066dbe77644747983d54bbb7eb73eeecc02c020849ec0175bcc6657513577",
      "exitCode": 0,
      "verifiedLogs": 2
    },
    "data/source_artifacts/learning_progressions/tester/integrate-actual-learning-progressions-20261001T162834Z-142f2df1/reverify/fixture-relocation-pylint-final.command.json": {
      "sha256": "78d6a26e796ed62b98250b5675300cbb542a911e534dfc4004a45c3b608b47d0",
      "exitCode": 0,
      "verifiedLogs": 2
    },
    "data/source_artifacts/learning_progressions/tester/integrate-actual-learning-progressions-20261001T162834Z-142f2df1/reverify/fixture-relocation-interrogate.command.json": {
      "sha256": "a166cb76cc7fc1247542845e7b80fdbdb3b683dbb28c34410f8061d9f1bbd59d",
      "exitCode": 0,
      "verifiedLogs": 2
    },
    "data/source_artifacts/learning_progressions/tester/integrate-actual-learning-progressions-20261001T162834Z-142f2df1/reverify/packages.command.json": {
      "sha256": "1e9b8e4f9f1ebd2e12b93da098f1882966a3b17e6dbef77d66d6ed89f6b430ce",
      "exitCode": 0,
      "verifiedLogs": 2
    },
    "data/source_artifacts/learning_progressions/tester/integrate-actual-learning-progressions-20261001T162834Z-142f2df1/reverify/stdio.command.json": {
      "sha256": "6317d684acd3ca959c6e2e1c039a754b95191cdcfbf11979f752517b1fb28a35",
      "exitCode": 0,
      "verifiedLogs": 2
    },
    "data/source_artifacts/learning_progressions/tester/integrate-actual-learning-progressions-20261001T162834Z-142f2df1/reverify/stage.command.json": {
      "sha256": "df5a5e40329405f812de87fdea5ee688c10944a8f3d2a3c62f3e57d625fb2046",
      "exitCode": 0,
      "verifiedLogs": 2
    },
    "data/source_artifacts/learning_progressions/tester/integrate-actual-learning-progressions-20261001T162834Z-142f2df1/reverify/distribution.command.json": {
      "sha256": "053b2133073d86fde602d535fca30edc3099cd8bc4e6d4de1bf1cf6cbc389344",
      "exitCode": 0,
      "verifiedLogs": 2
    },
    "data/source_artifacts/learning_progressions/tester/integrate-actual-learning-progressions-20261001T162834Z-142f2df1/reverify/stage-regression.command.json": {
      "sha256": "9dc8346e25163baca727e71d361112d114c7fb93a81e9f2fdc2537b867e8f1aa",
      "exitCode": 0,
      "verifiedLogs": 2
    },
    "data/source_artifacts/learning_progressions/tester/integrate-actual-learning-progressions-20261001T162834Z-142f2df1/final-recovery/stage.command.json": {
      "sha256": "abd67aeaabd8cc80b97df9ef2f62ad4b832ac2be69b2547df090b867020ec42f",
      "exitCode": 0,
      "verifiedLogs": 2
    },
    "data/source_artifacts/learning_progressions/tester/integrate-actual-learning-progressions-20261001T162834Z-142f2df1/final-recovery/stage-identity.command.json": {
      "sha256": "8c097f76c168ba5d6c2b149e18559760bd1218ca148d4c3310bfcaeeb12f9225",
      "exitCode": 0,
      "verifiedLogs": 2
    },
    "data/source_artifacts/learning_progressions/tester/integrate-actual-learning-progressions-20261001T162834Z-142f2df1/final-recovery/distribution.command.json": {
      "sha256": "fe74d0788b4c5601437f757d9d7e514f2b45a413bf65d46e8db789b052727ad4",
      "exitCode": 0,
      "verifiedLogs": 2
    }
  },
  "inputs": {
    ".standards/CONTEXT.md": "64d9b6d529b092773943fb3eb8ee5b9b56f9cde4b94427926a7557ce1c7be4f5",
    ".standards/PROTOCOL.md": "bf806551945250fba9a4d4832aa7830c42077e6a3e634be4f6ec3b2649302758",
    ".standards/docs/scope/integrate-actual-learning-progressions-20261001T162834Z-142f2df1.md": "d604267de108f65290536f19be9eb4548b1f8b293e6febbab942c55adaf30f8c",
    ".standards/docs/specs/integrate-actual-learning-progressions-20261001T162834Z-142f2df1.md": "8278cc29f0b7c79130c7bdf11ba91b22f401509576598a4f8266aacc321f6527",
    ".standards/docs/development/integrate-actual-learning-progressions-20261001T162834Z-142f2df1.md": "a731edb15358e769c2e95d7e14ba44baaf66e92c95be0cdbcfba6e4cd1eddd8b",
    ".standards/docs/verification/integrate-actual-learning-progressions-20261001T162834Z-142f2df1.md": "1efdb0d1a9b131a91ae3de314e73cc9612dfbe7e1d95ab6137e61fd53256829c",
    ".standards/docs/documentation/integrate-actual-learning-progressions-20261001T162834Z-142f2df1.md": "8f34149a35fd1c69471581977785acad3e4da0eacfcb2ac16649634b266193fb",
    ".standards/docs/reviews/integrate-actual-learning-progressions-20261001T162834Z-142f2df1/final-deliverable.md": "e835234de4a3516fd5db6f48786185e5970383d2c4992635be5e8a0495340922",
    "docs/data/prompt-configs.md": "84145d82190bae5cbe733628ffb34535fa16bba1b8d8d294a19ea817cea580a6",
    "backend/README.md": "197db6b11bdc6ad24988dd525dc7d8abca84c4632db0e9c249b9339076723b56",
    "packaging/mcpb/README.md": "3e5dcd5f1e00a2ed25db1ffe34446713e41820b2bb3310a5181609d6c6df2c8c",
    "/Users/tzz/Projects/private/idi/KGForEdGlobalMCP/.standards/docs/reviews/integrate-actual-learning-progressions-20261001T162834Z-142f2df1/final-recovery/check-current-evidence.py": "3c16ef5f9b1f27742b7e56c94ef68cdaec2088a0159723fd3028c71189da7acb"
  },
  "archive": {
    "path": "data/source_artifacts/learning_progressions/recovery-final-dev022/kgfegmcp-0.3.1-final-recovery.mcpb",
    "sha256": "adb10a43258a1115bfd74732c7d85af367f75e082a50c73f91b75e67a6cd5e04",
    "bytes": 82154417,
    "files": 650,
    "changedMembers": [
      "README.md"
    ],
    "readmeSha256": "197db6b11bdc6ad24988dd525dc7d8abca84c4632db0e9c249b9339076723b56"
  },
  "packages": 6,
  "shardsPerPackage": 64,
  "stageCounts": [
    17,
    9,
    1,
    14,
    15
  ],
  "parity": "new stage equals prior STDIO, HTTP and stage",
  "executionScope": "Reviewer read-only evidence and distribution diagnostic; prior behavioral tests were not rerun"
}
